system          > 
system          > ConTeXt  ver: 2022.01.21 20:13 LMTX  fmt: 2022.1.24  int: english/english
system          > 
system          > 'cont-new.mkxl' loaded
open source     > level 1, order 1, name 'D:/venvs/context-win64/tex/texmf-context/tex/context/base/mkxl/cont-new.mkxl'
system          > beware: some patches loaded from cont-new.mkiv
close source    > level 1, order 1, name 'D:/venvs/context-win64/tex/texmf-context/tex/context/base/mkxl/cont-new.mkxl'
system          > files > jobname 'd:/ah21/vertical-typesetting/test', input 'd:/ah21/vertical-typesetting/test.lmtx', result 'd:/ah21/vertical-typesetting/test'
fonts           > latin modern fonts are not preloaded
languages       > language 'en' is active
open source     > level 1, order 2, name 'd:/ah21/vertical-typesetting/test.lmtx'
modules         > 'zhfonts' is loaded
open source     > level 2, order 3, name 'D:/venvs/context-win64/tex/texmf-context/third/zhfonts/t-zhfonts.mkiv'
loading         > ConTeXt User Module / zhfonts
resolvers       > lua > loading file 'D:/venvs/context-win64/tex/texmf-context/third/zhfonts/t-zhfonts.lua' succeeded
close source    > level 2, order 3, name 'D:/venvs/context-win64/tex/texmf-context/third/zhfonts/t-zhfonts.mkiv'
fonts           > preloading latin modern fonts (second stage)
fonts           > 'fallback modern-designsize rm 12pt' is loaded
fonts           > checking > char 测 (U+06D4B) in font 'LMRoman12-Regular' with id 1: missing
fonts           > checking > char 试 (U+08BD5) in font 'LMRoman12-Regular' with id 1: missing
fonts           > checking > char 与 (U+04E0E) in font 'LMRoman12-Regular' with id 1: missing
fonts           > checking > char 中 (U+04E2D) in font 'LMRoman12-Regular' with id 1: missing
fonts           > checking > char 文 (U+06587) in font 'LMRoman12-Regular' with id 1: missing
fonts           > checking > char 。 (U+03002) in font 'LMRoman12-Regular' with id 1: missing
backend         > xmp > using file 'D:/venvs/context-win64/tex/texmf-context/tex/context/base/mkiv/lpdf-pdx.xml'
pages           > flushing realpage 1, userpage 1, subpage 1
close source    > level 1, order 3, name 'd:/ah21/vertical-typesetting/test.lmtx'
system          > start used files
system          > text: test
system          > stop used files
system          > start used files
system          >    1: filename=publ-imp-default.lua filetype=scripts foundname=D:/venvs/context-win64/tex/texmf-context/tex/context/base/mkiv/publ-imp-default.lua fullname=D:/venvs/context-win64/tex/texmf-context/tex/context/base/mkiv/publ-imp-default.lua usedmethod=database
system          >    2: filename=cont-new.mkxl filetype=tex foundname=D:/venvs/context-win64/tex/texmf-context/tex/context/base/mkxl/cont-new.mkxl fullname=D:/venvs/context-win64/tex/texmf-context/tex/context/base/mkxl/cont-new.mkxl usedmethod=database
system          >    3: filename=lang-exc.lua filetype=scripts foundname=D:/venvs/context-win64/tex/texmf-context/tex/context/base/mkiv/lang-exc.lua fullname=D:/venvs/context-win64/tex/texmf-context/tex/context/base/mkiv/lang-exc.lua usedmethod=database
system          >    4: filename=lang-us.lua filetype=scripts foundname=D:/venvs/context-win64/tex/texmf-context/tex/context/patterns/mkiv/lang-us.lua fullname=D:/venvs/context-win64/tex/texmf-context/tex/context/patterns/mkiv/lang-us.lua usedmethod=database
system          >    5: filename=d:/ah21/vertical-typesetting/test.lmtx format=tex foundname=d:/ah21/vertical-typesetting/test.lmtx fullname=d:/ah21/vertical-typesetting/test.lmtx usedmethod=direct
system          >    6: filename=t-zhfonts.mkiv filetype=tex foundname=D:/venvs/context-win64/tex/texmf-context/third/zhfonts/t-zhfonts.mkiv fullname=D:/venvs/context-win64/tex/texmf-context/third/zhfonts/t-zhfonts.mkiv usedmethod=otherwise
system          >    7: filename=t-zhfonts.lua filetype=tex format=tex foundname=D:/venvs/context-win64/tex/texmf-context/third/zhfonts/t-zhfonts.lua fullname=D:/venvs/context-win64/tex/texmf-context/third/zhfonts/t-zhfonts.lua usedmethod=otherwise
system          >    8: filename=t-zhspuncs.lua filetype=tex format=tex foundname=D:/venvs/context-win64/tex/texmf-context/third/zhfonts/t-zhspuncs.lua fullname=D:/venvs/context-win64/tex/texmf-context/third/zhfonts/t-zhspuncs.lua usedmethod=otherwise
system          >    9: filename=lm.lfg filetype=tex foundname=D:/venvs/context-win64/tex/texmf-context/tex/context/fonts/mkiv/lm.lfg fullname=D:/venvs/context-win64/tex/texmf-context/tex/context/fonts/mkiv/lm.lfg usedmethod=database
system          >   10: filename=lmroman12-regular filetype=otf format=otf foundname=D:/venvs/context-win64/tex/texmf/fonts/opentype/public/lm/lmroman12-regular.otf fullname=D:/venvs/context-win64/tex/texmf/fonts/opentype/public/lm/lmroman12-regular.otf usedmethod=database
system          >   11: filename=latinmodern-math.otf filetype=opentypefonts foundname=D:/venvs/context-win64/tex/texmf/fonts/opentype/public/lm-math/latinmodern-math.otf fullname=D:/venvs/context-win64/tex/texmf/fonts/opentype/public/lm-math/latinmodern-math.otf usedmethod=database
system          >   12: filename=lpdf-pdx.xml filetype=tex foundname=D:/venvs/context-win64/tex/texmf-context/tex/context/base/mkiv/lpdf-pdx.xml fullname=D:/venvs/context-win64/tex/texmf-context/tex/context/base/mkiv/lpdf-pdx.xml usedmethod=database
system          > stop used files
system          > start commandline options
system          > autogenerate="true"
system          > currentrun="1"
system          > fulljobname="d:/ah21/vertical-typesetting/test.lmtx"
system          > input="d:/ah21/vertical-typesetting/test.lmtx"
system          > kindofrun="1"
system          > maxnofruns="9"
system          > texmfbinpath="D:/venvs/context-win64/tex/texmf-win64/bin"
system          > stop commandline options
system          > start commandline files
system          >    1: d:/ah21/vertical-typesetting/test.lmtx
system          > stop commandline files
modules         > start used modules
modules         > loaded : *-zhfonts
modules         > stop used modules
fonts           > start missing characters: D:/venvs/context-win64/tex/texmf/fonts/opentype/public/lm/lmroman12-regular.otf
fonts           >    1  U+03002  。  IDEOGRAPHIC FULL STOP
fonts           >    1  U+04E0E  与  <CJK Ideograph>
fonts           >    1  U+04E2D  中  <CJK Ideograph>
fonts           >    1  U+06587  文  <CJK Ideograph>
fonts           >    1  U+06D4B  测  <CJK Ideograph>
fonts           >    1  U+08BD5  试  <CJK Ideograph>
fonts           > stop missing characters
system          > 
system          > status after finishing run
system          > 
system          >   -----------------------------------------------------------------------------------------------------------------------------------------------------------------------------------
system          >           string       pool       hash     lookup       node      token     buffer      input       file       nest  parameter       save       font   language       mark     insert
system          >   -----------------------------------------------------------------------------------------------------------------------------------------------------------------------------------
system          >   max    2097152  100000000    2097152    2097152  100000000   10000000  100000000     100000       2000      10000     100000     500000     100000      10000      10000        500
system          >   min     150000   10000000     150000     150000    1000000    1000000    1000000      10000        500       1000      20000     100000        250        250         50         10
system          >   set     500000   10000000     250000     250000   50000000   10000000   10000000     100000       2000      10000     100000     500000     100000        250        250        250
system          >   stp     100000    1000000     100000     100000     500000     250000    1000000      10000        250       1000      10000      10000        250        250         50         25
system          > 
system          >   mem     150000     915250     150000               1000000    1000000    1000000      10000        500       1000      20000      10000    4264912         96       1200        320
system          >   all    2400000     915250    2400000               9000000    8000000    1000000     320000      16000      48000      80000     160000    4264912         96      28800      10240
system          > 
system          >   ini    2142543     858130          0      45373          0     496388                                                                                       0                      
system          >   ptr      47132                  9326      47114                530939          0          0          0          0          0          0          7          0          0          7
system          >   top      47133                740050     131074       2978     547835        281         39          5         12         37        297        250        250         50         10
system          >   -----------------------------------------------------------------------------------------------------------------------------------------------------------------------------------
system          > 
system          >   current input type    : initial
system          > 
system          >   approximate memory    : 30601170 (29 MB)
system          > 
system          >   expansion depth       : min: 10000, max: 1000000, set: 10000, top: 5
system          > 
system          >   luabytecode registers : 1002
system          >   luabytecode bytes     : 16048 (0 MB)
system          >   luastate bytes now    : 54664263 (52 MB)
system          >   luastate bytes max    : 57354654 (54 MB)
system          > 
system          >   file callbacks        : 100
system          >   saved callbacks       : 180
system          >   direct callbacks      : 4
system          >   function callbacks    : 995
system          >   value callbacks       : 1
system          >   message callbacks     : 0
system          >   bytecode callbacks    : 600
system          > 
system          >   mp instances          : 0
system          >   mp estimated memory   : 0 (0 MB)
system          >   mp file callbacks     : 0
system          >   mp text callbacks     : 0
system          >   mp script callbacks   : 0
system          >   mp log callbacks      : 0
system          > 
system          >   total callbacks       : 1880
system          >   mp total callbacks    : 0
system          >   backend callbacks     : 0
system          > 
mkiv lua stats  > used config file: selfautoparent:/texmf/web2c/texmfcnf.lua
mkiv lua stats  > used cache path: D:/venvs/context-win64/tex/texmf-cache/luametatex-cache/context/5fe67e0bfe781ce0dde776fb1556f32e
mkiv lua stats  > resource resolver: loadtime 0.009 seconds, 0 scans with scantime 0.000 seconds, 0 shared scans, 12 found files, scanned paths: <none>
mkiv lua stats  > stored bytecode data: 502 modules (0.196 sec), 98 tables (0.012 sec), 600 chunks (0.208 sec)
mkiv lua stats  > traced context: maxstack: 1616, freed: 0, unreachable: 1616
mkiv lua stats  > cleaned up reserved nodes: 71 nodes, 9 lists of 435
mkiv lua stats  > node memory usage: 9 attribute, 1 glue, 58 glue_spec, 3 kern, 2 penalty, 2 temp
mkiv lua stats  > node list callback tasks: 12 unique task lists, 8 instances (re)created, 46 calls
mkiv lua stats  > used backend: pdf
mkiv lua stats  > jobdata time: 0.001 seconds saving, 0.001 seconds loading
mkiv lua stats  > callbacks: file: 100, saved: 180, direct: 4, function: 995, value: 1, message: 0, bytecode: 600, late 0, total: 1880 (1880 per page)
mkiv lua stats  > randomizer: resumed with value 0.21787908732124
mkiv lua stats  > loaded tex modules: 1 requested, all found (*-zhfonts)
mkiv lua stats  > loaded patterns: en::1, load time: 0.000
mkiv lua stats  > loaded fonts: 2 files: latinmodern-math.otf, lmroman12-regular.otf
mkiv lua stats  > font engine: otf 3.119, afm 1.513, tfm 1.000, 7 instances, 3 shared in backend, 3 common vectors, 0 common hashes, load time 0.278 seconds 
mkiv lua stats  > font embedding time: 0.017 seconds, 1 fonts
mkiv lua stats  > result saved in file: d:/ah21/vertical-typesetting/test.pdf, compresslevel 1, objectcompresslevel 3
mkiv lua stats  > positions: 4 collected, 0 deltas, 0 shared partials, 0 partial entries
mkiv lua stats  > used platform: win64, type: windows, binary subtree: texmf-win64
mkiv lua stats  > used engine: luametatex version: 2.0936, functionality level: 20221202, format id: 616, compiler: gcc
mkiv lua stats  > tex properties: 740050 hash slots used of 2097152, 47114 control sequences, approximate memory usage: 29 MB
mkiv lua stats  > lua properties: engine: lua 5.4, used memory: 54 MB, ctx: 52 MB, max: 54 MB, symbol mask: utf (τεχ)
mkiv lua stats  > runtime: 0.721 seconds, 1 processed pages, 1 shipped pages, 1.388 pages/second
